TBBmalloc: skip allocation functions replacement in ucrtbase.dll: unknown prologue for function _msize
Blender 3.6.5 (hash cf1e1ed46b7e built 2023-10-19 01:09:47)
Read prefs: "C:\Users\mfawe\AppData\Roaming\Blender Foundation\Blender\3.6\config\userpref.blend"
Read blend: "C:\Users\mfawe\OneDrive\Documents\GitHub\robotic-punching-bag\reviews\2026-09-21\n3-head-track-yaw-bridge\Punching_Bag_N3_Head_Track_Yaw.blend"
Saved: 'C:\Users\mfawe\OneDrive\Documents\GitHub\robotic-punching-bag\reviews\2026-09-21\n3-head-track-yaw-bridge\render_frames\0001.png'
 Time: 00:01.25 (Saving: 00:00.32)

Saved: 'C:\Users\mfawe\OneDrive\Documents\GitHub\robotic-punching-bag\reviews\2026-09-21\n3-head-track-yaw-bridge\render_frames\0002.png'
 Time: 00:00.45 (Saving: 00:00.05)

Saved: 'C:\Users\mfawe\OneDrive\Documents\GitHub\robotic-punching-bag\reviews\2026-09-21\n3-head-track-yaw-bridge\render_frames\0003.png'
 Time: 00:00.44 (Saving: 00:00.05)

Saved: 'C:\Users\mfawe\OneDrive\Documents\GitHub\robotic-punching-bag\reviews\2026-09-21\n3-head-track-yaw-bridge\render_frames\0004.png'
 Time: 00:00.50 (Saving: 00:00.05)

Saved: 'C:\Users\mfawe\OneDrive\Documents\GitHub\robotic-punching-bag\reviews\2026-09-21\n3-head-track-yaw-bridge\render_frames\0005.png'
 Time: 00:00.45 (Saving: 00:00.05)

Saved: 'C:\Users\mfawe\OneDrive\Documents\GitHub\robotic-punching-bag\reviews\2026-09-21\n3-head-track-yaw-bridge\render_frames\0006.png'
 Time: 00:00.47 (Saving: 00:00.06)

Saved: 'C:\Users\mfawe\OneDrive\Documents\GitHub\robotic-punching-bag\reviews\2026-09-21\n3-head-track-yaw-bridge\render_frames\0007.png'
 Time: 00:00.47 (Saving: 00:00.05)

Saved: 'C:\Users\mfawe\OneDrive\Documents\GitHub\robotic-punching-bag\reviews\2026-09-21\n3-head-track-yaw-bridge\render_frames\0008.png'
 Time: 00:00.45 (Saving: 00:00.05)

Saved: 'C:\Users\mfawe\OneDrive\Documents\GitHub\robotic-punching-bag\reviews\2026-09-21\n3-head-track-yaw-bridge\render_frames\0009.png'
 Time: 00:00.50 (Saving: 00:00.05)

Saved: 'C:\Users\mfawe\OneDrive\Documents\GitHub\robotic-punching-bag\reviews\2026-09-21\n3-head-track-yaw-bridge\render_frames\0010.png'
 Time: 00:00.50 (Saving: 00:00.05)

Saved: 'C:\Users\mfawe\OneDrive\Documents\GitHub\robotic-punching-bag\reviews\2026-09-21\n3-head-track-yaw-bridge\render_frames\0011.png'
 Time: 00:00.50 (Saving: 00:00.05)

Saved: 'C:\Users\mfawe\OneDrive\Documents\GitHub\robotic-punching-bag\reviews\2026-09-21\n3-head-track-yaw-bridge\render_frames\0012.png'
 Time: 00:00.51 (Saving: 00:00.05)

Saved: 'C:\Users\mfawe\OneDrive\Documents\GitHub\robotic-punching-bag\reviews\2026-09-21\n3-head-track-yaw-bridge\render_frames\0013.png'
 Time: 00:00.49 (Saving: 00:00.05)

Saved: 'C:\Users\mfawe\OneDrive\Documents\GitHub\robotic-punching-bag\reviews\2026-09-21\n3-head-track-yaw-bridge\render_frames\0014.png'
 Time: 00:00.49 (Saving: 00:00.05)

Saved: 'C:\Users\mfawe\OneDrive\Documents\GitHub\robotic-punching-bag\reviews\2026-09-21\n3-head-track-yaw-bridge\render_frames\0015.png'
 Time: 00:00.52 (Saving: 00:00.05)

Saved: 'C:\Users\mfawe\OneDrive\Documents\GitHub\robotic-punching-bag\reviews\2026-09-21\n3-head-track-yaw-bridge\render_frames\0016.png'
 Time: 00:00.48 (Saving: 00:00.05)

Saved: 'C:\Users\mfawe\OneDrive\Documents\GitHub\robotic-punching-bag\reviews\2026-09-21\n3-head-track-yaw-bridge\render_frames\0017.png'
 Time: 00:00.49 (Saving: 00:00.05)

Saved: 'C:\Users\mfawe\OneDrive\Documents\GitHub\robotic-punching-bag\reviews\2026-09-21\n3-head-track-yaw-bridge\render_frames\0018.png'
 Time: 00:00.50 (Saving: 00:00.05)

Saved: 'C:\Users\mfawe\OneDrive\Documents\GitHub\robotic-punching-bag\reviews\2026-09-21\n3-head-track-yaw-bridge\render_frames\0019.png'
 Time: 00:00.49 (Saving: 00:00.05)

Saved: 'C:\Users\mfawe\OneDrive\Documents\GitHub\robotic-punching-bag\reviews\2026-09-21\n3-head-track-yaw-bridge\render_frames\0020.png'
 Time: 00:00.51 (Saving: 00:00.06)

Saved: 'C:\Users\mfawe\OneDrive\Documents\GitHub\robotic-punching-bag\reviews\2026-09-21\n3-head-track-yaw-bridge\render_frames\0021.png'
 Time: 00:00.53 (Saving: 00:00.05)

Saved: 'C:\Users\mfawe\OneDrive\Documents\GitHub\robotic-punching-bag\reviews\2026-09-21\n3-head-track-yaw-bridge\render_frames\0022.png'
 Time: 00:00.50 (Saving: 00:00.05)

Saved: 'C:\Users\mfawe\OneDrive\Documents\GitHub\robotic-punching-bag\reviews\2026-09-21\n3-head-track-yaw-bridge\render_frames\0023.png'
 Time: 00:00.46 (Saving: 00:00.05)

Saved: 'C:\Users\mfawe\OneDrive\Documents\GitHub\robotic-punching-bag\reviews\2026-09-21\n3-head-track-yaw-bridge\render_frames\0024.png'
 Time: 00:00.53 (Saving: 00:00.05)

Saved: 'C:\Users\mfawe\OneDrive\Documents\GitHub\robotic-punching-bag\reviews\2026-09-21\n3-head-track-yaw-bridge\render_frames\0025.png'
 Time: 00:00.49 (Saving: 00:00.05)

Saved: 'C:\Users\mfawe\OneDrive\Documents\GitHub\robotic-punching-bag\reviews\2026-09-21\n3-head-track-yaw-bridge\render_frames\0026.png'
 Time: 00:00.53 (Saving: 00:00.05)

Saved: 'C:\Users\mfawe\OneDrive\Documents\GitHub\robotic-punching-bag\reviews\2026-09-21\n3-head-track-yaw-bridge\render_frames\0027.png'
 Time: 00:00.53 (Saving: 00:00.05)

Saved: 'C:\Users\mfawe\OneDrive\Documents\GitHub\robotic-punching-bag\reviews\2026-09-21\n3-head-track-yaw-bridge\render_frames\0028.png'
 Time: 00:00.54 (Saving: 00:00.05)

Saved: 'C:\Users\mfawe\OneDrive\Documents\GitHub\robotic-punching-bag\reviews\2026-09-21\n3-head-track-yaw-bridge\render_frames\0029.png'
 Time: 00:00.49 (Saving: 00:00.05)

Saved: 'C:\Users\mfawe\OneDrive\Documents\GitHub\robotic-punching-bag\reviews\2026-09-21\n3-head-track-yaw-bridge\render_frames\0030.png'
 Time: 00:00.47 (Saving: 00:00.05)

Saved: 'C:\Users\mfawe\OneDrive\Documents\GitHub\robotic-punching-bag\reviews\2026-09-21\n3-head-track-yaw-bridge\render_frames\0031.png'
 Time: 00:00.49 (Saving: 00:00.05)

Saved: 'C:\Users\mfawe\OneDrive\Documents\GitHub\robotic-punching-bag\reviews\2026-09-21\n3-head-track-yaw-bridge\render_frames\0032.png'
 Time: 00:00.48 (Saving: 00:00.05)

Saved: 'C:\Users\mfawe\OneDrive\Documents\GitHub\robotic-punching-bag\reviews\2026-09-21\n3-head-track-yaw-bridge\render_frames\0033.png'
 Time: 00:00.51 (Saving: 00:00.05)

Saved: 'C:\Users\mfawe\OneDrive\Documents\GitHub\robotic-punching-bag\reviews\2026-09-21\n3-head-track-yaw-bridge\render_frames\0034.png'
 Time: 00:00.48 (Saving: 00:00.05)

Saved: 'C:\Users\mfawe\OneDrive\Documents\GitHub\robotic-punching-bag\reviews\2026-09-21\n3-head-track-yaw-bridge\render_frames\0035.png'
 Time: 00:00.49 (Saving: 00:00.05)

Saved: 'C:\Users\mfawe\OneDrive\Documents\GitHub\robotic-punching-bag\reviews\2026-09-21\n3-head-track-yaw-bridge\render_frames\0036.png'
 Time: 00:00.47 (Saving: 00:00.05)

Saved: 'C:\Users\mfawe\OneDrive\Documents\GitHub\robotic-punching-bag\reviews\2026-09-21\n3-head-track-yaw-bridge\render_frames\0037.png'
 Time: 00:00.48 (Saving: 00:00.05)

Saved: 'C:\Users\mfawe\OneDrive\Documents\GitHub\robotic-punching-bag\reviews\2026-09-21\n3-head-track-yaw-bridge\render_frames\0038.png'
 Time: 00:00.47 (Saving: 00:00.05)

Saved: 'C:\Users\mfawe\OneDrive\Documents\GitHub\robotic-punching-bag\reviews\2026-09-21\n3-head-track-yaw-bridge\render_frames\0039.png'
 Time: 00:00.50 (Saving: 00:00.06)

Saved: 'C:\Users\mfawe\OneDrive\Documents\GitHub\robotic-punching-bag\reviews\2026-09-21\n3-head-track-yaw-bridge\render_frames\0040.png'
 Time: 00:00.47 (Saving: 00:00.05)

Saved: 'C:\Users\mfawe\OneDrive\Documents\GitHub\robotic-punching-bag\reviews\2026-09-21\n3-head-track-yaw-bridge\render_frames\0041.png'
 Time: 00:00.46 (Saving: 00:00.05)

Saved: 'C:\Users\mfawe\OneDrive\Documents\GitHub\robotic-punching-bag\reviews\2026-09-21\n3-head-track-yaw-bridge\render_frames\0042.png'
 Time: 00:00.48 (Saving: 00:00.05)

Saved: 'C:\Users\mfawe\OneDrive\Documents\GitHub\robotic-punching-bag\reviews\2026-09-21\n3-head-track-yaw-bridge\render_frames\0043.png'
 Time: 00:00.49 (Saving: 00:00.05)

Saved: 'C:\Users\mfawe\OneDrive\Documents\GitHub\robotic-punching-bag\reviews\2026-09-21\n3-head-track-yaw-bridge\render_frames\0044.png'
 Time: 00:00.49 (Saving: 00:00.05)

Saved: 'C:\Users\mfawe\OneDrive\Documents\GitHub\robotic-punching-bag\reviews\2026-09-21\n3-head-track-yaw-bridge\render_frames\0045.png'
 Time: 00:00.48 (Saving: 00:00.05)

Saved: 'C:\Users\mfawe\OneDrive\Documents\GitHub\robotic-punching-bag\reviews\2026-09-21\n3-head-track-yaw-bridge\render_frames\0046.png'
 Time: 00:00.47 (Saving: 00:00.05)

Saved: 'C:\Users\mfawe\OneDrive\Documents\GitHub\robotic-punching-bag\reviews\2026-09-21\n3-head-track-yaw-bridge\render_frames\0047.png'
 Time: 00:00.48 (Saving: 00:00.05)

Saved: 'C:\Users\mfawe\OneDrive\Documents\GitHub\robotic-punching-bag\reviews\2026-09-21\n3-head-track-yaw-bridge\render_frames\0048.png'
 Time: 00:00.48 (Saving: 00:00.05)

Saved: 'C:\Users\mfawe\OneDrive\Documents\GitHub\robotic-punching-bag\reviews\2026-09-21\n3-head-track-yaw-bridge\render_frames\0049.png'
 Time: 00:00.48 (Saving: 00:00.05)

Saved: 'C:\Users\mfawe\OneDrive\Documents\GitHub\robotic-punching-bag\reviews\2026-09-21\n3-head-track-yaw-bridge\render_frames\0050.png'
 Time: 00:00.47 (Saving: 00:00.05)

Saved: 'C:\Users\mfawe\OneDrive\Documents\GitHub\robotic-punching-bag\reviews\2026-09-21\n3-head-track-yaw-bridge\render_frames\0051.png'
 Time: 00:00.47 (Saving: 00:00.05)

Saved: 'C:\Users\mfawe\OneDrive\Documents\GitHub\robotic-punching-bag\reviews\2026-09-21\n3-head-track-yaw-bridge\render_frames\0052.png'
 Time: 00:00.47 (Saving: 00:00.05)

Saved: 'C:\Users\mfawe\OneDrive\Documents\GitHub\robotic-punching-bag\reviews\2026-09-21\n3-head-track-yaw-bridge\render_frames\0053.png'
 Time: 00:00.48 (Saving: 00:00.05)

Saved: 'C:\Users\mfawe\OneDrive\Documents\GitHub\robotic-punching-bag\reviews\2026-09-21\n3-head-track-yaw-bridge\render_frames\0054.png'
 Time: 00:00.47 (Saving: 00:00.05)

Saved: 'C:\Users\mfawe\OneDrive\Documents\GitHub\robotic-punching-bag\reviews\2026-09-21\n3-head-track-yaw-bridge\render_frames\0055.png'
 Time: 00:00.47 (Saving: 00:00.05)

Saved: 'C:\Users\mfawe\OneDrive\Documents\GitHub\robotic-punching-bag\reviews\2026-09-21\n3-head-track-yaw-bridge\render_frames\0056.png'
 Time: 00:00.49 (Saving: 00:00.06)

Saved: 'C:\Users\mfawe\OneDrive\Documents\GitHub\robotic-punching-bag\reviews\2026-09-21\n3-head-track-yaw-bridge\render_frames\0057.png'
 Time: 00:00.48 (Saving: 00:00.05)

Saved: 'C:\Users\mfawe\OneDrive\Documents\GitHub\robotic-punching-bag\reviews\2026-09-21\n3-head-track-yaw-bridge\render_frames\0058.png'
 Time: 00:00.47 (Saving: 00:00.05)

Saved: 'C:\Users\mfawe\OneDrive\Documents\GitHub\robotic-punching-bag\reviews\2026-09-21\n3-head-track-yaw-bridge\render_frames\0059.png'
 Time: 00:00.50 (Saving: 00:00.05)

Saved: 'C:\Users\mfawe\OneDrive\Documents\GitHub\robotic-punching-bag\reviews\2026-09-21\n3-head-track-yaw-bridge\render_frames\0060.png'
 Time: 00:00.48 (Saving: 00:00.05)

Saved: 'C:\Users\mfawe\OneDrive\Documents\GitHub\robotic-punching-bag\reviews\2026-09-21\n3-head-track-yaw-bridge\render_frames\0061.png'
 Time: 00:00.48 (Saving: 00:00.05)

Saved: 'C:\Users\mfawe\OneDrive\Documents\GitHub\robotic-punching-bag\reviews\2026-09-21\n3-head-track-yaw-bridge\render_frames\0062.png'
 Time: 00:00.48 (Saving: 00:00.05)

Saved: 'C:\Users\mfawe\OneDrive\Documents\GitHub\robotic-punching-bag\reviews\2026-09-21\n3-head-track-yaw-bridge\render_frames\0063.png'
 Time: 00:00.49 (Saving: 00:00.05)

Saved: 'C:\Users\mfawe\OneDrive\Documents\GitHub\robotic-punching-bag\reviews\2026-09-21\n3-head-track-yaw-bridge\render_frames\0064.png'
 Time: 00:00.49 (Saving: 00:00.05)

Saved: 'C:\Users\mfawe\OneDrive\Documents\GitHub\robotic-punching-bag\reviews\2026-09-21\n3-head-track-yaw-bridge\render_frames\0065.png'
 Time: 00:00.48 (Saving: 00:00.05)

Saved: 'C:\Users\mfawe\OneDrive\Documents\GitHub\robotic-punching-bag\reviews\2026-09-21\n3-head-track-yaw-bridge\render_frames\0066.png'
 Time: 00:00.52 (Saving: 00:00.05)

Saved: 'C:\Users\mfawe\OneDrive\Documents\GitHub\robotic-punching-bag\reviews\2026-09-21\n3-head-track-yaw-bridge\render_frames\0067.png'
 Time: 00:00.45 (Saving: 00:00.05)

Saved: 'C:\Users\mfawe\OneDrive\Documents\GitHub\robotic-punching-bag\reviews\2026-09-21\n3-head-track-yaw-bridge\render_frames\0068.png'
 Time: 00:00.47 (Saving: 00:00.05)

Saved: 'C:\Users\mfawe\OneDrive\Documents\GitHub\robotic-punching-bag\reviews\2026-09-21\n3-head-track-yaw-bridge\render_frames\0069.png'
 Time: 00:00.45 (Saving: 00:00.05)

Saved: 'C:\Users\mfawe\OneDrive\Documents\GitHub\robotic-punching-bag\reviews\2026-09-21\n3-head-track-yaw-bridge\render_frames\0070.png'
 Time: 00:00.49 (Saving: 00:00.05)

Saved: 'C:\Users\mfawe\OneDrive\Documents\GitHub\robotic-punching-bag\reviews\2026-09-21\n3-head-track-yaw-bridge\render_frames\0071.png'
 Time: 00:00.46 (Saving: 00:00.05)

Saved: 'C:\Users\mfawe\OneDrive\Documents\GitHub\robotic-punching-bag\reviews\2026-09-21\n3-head-track-yaw-bridge\render_frames\0072.png'
 Time: 00:00.48 (Saving: 00:00.05)

Saved: 'C:\Users\mfawe\OneDrive\Documents\GitHub\robotic-punching-bag\reviews\2026-09-21\n3-head-track-yaw-bridge\render_frames\0073.png'
 Time: 00:00.46 (Saving: 00:00.05)

Saved: 'C:\Users\mfawe\OneDrive\Documents\GitHub\robotic-punching-bag\reviews\2026-09-21\n3-head-track-yaw-bridge\render_frames\0074.png'
 Time: 00:00.47 (Saving: 00:00.05)

Saved: 'C:\Users\mfawe\OneDrive\Documents\GitHub\robotic-punching-bag\reviews\2026-09-21\n3-head-track-yaw-bridge\render_frames\0075.png'
 Time: 00:00.45 (Saving: 00:00.05)

Saved: 'C:\Users\mfawe\OneDrive\Documents\GitHub\robotic-punching-bag\reviews\2026-09-21\n3-head-track-yaw-bridge\render_frames\0076.png'
 Time: 00:00.47 (Saving: 00:00.05)

Saved: 'C:\Users\mfawe\OneDrive\Documents\GitHub\robotic-punching-bag\reviews\2026-09-21\n3-head-track-yaw-bridge\render_frames\0077.png'
 Time: 00:00.45 (Saving: 00:00.05)

Saved: 'C:\Users\mfawe\OneDrive\Documents\GitHub\robotic-punching-bag\reviews\2026-09-21\n3-head-track-yaw-bridge\render_frames\0078.png'
 Time: 00:00.46 (Saving: 00:00.05)

Saved: 'C:\Users\mfawe\OneDrive\Documents\GitHub\robotic-punching-bag\reviews\2026-09-21\n3-head-track-yaw-bridge\render_frames\0079.png'
 Time: 00:00.46 (Saving: 00:00.05)

Saved: 'C:\Users\mfawe\OneDrive\Documents\GitHub\robotic-punching-bag\reviews\2026-09-21\n3-head-track-yaw-bridge\render_frames\0080.png'
 Time: 00:00.50 (Saving: 00:00.05)

Saved: 'C:\Users\mfawe\OneDrive\Documents\GitHub\robotic-punching-bag\reviews\2026-09-21\n3-head-track-yaw-bridge\render_frames\0081.png'
 Time: 00:00.45 (Saving: 00:00.05)

Saved: 'C:\Users\mfawe\OneDrive\Documents\GitHub\robotic-punching-bag\reviews\2026-09-21\n3-head-track-yaw-bridge\render_frames\0082.png'
 Time: 00:00.47 (Saving: 00:00.05)

Saved: 'C:\Users\mfawe\OneDrive\Documents\GitHub\robotic-punching-bag\reviews\2026-09-21\n3-head-track-yaw-bridge\render_frames\0083.png'
 Time: 00:00.48 (Saving: 00:00.05)

Saved: 'C:\Users\mfawe\OneDrive\Documents\GitHub\robotic-punching-bag\reviews\2026-09-21\n3-head-track-yaw-bridge\render_frames\0084.png'
 Time: 00:00.47 (Saving: 00:00.05)

Saved: 'C:\Users\mfawe\OneDrive\Documents\GitHub\robotic-punching-bag\reviews\2026-09-21\n3-head-track-yaw-bridge\render_frames\0085.png'
 Time: 00:00.46 (Saving: 00:00.05)

Saved: 'C:\Users\mfawe\OneDrive\Documents\GitHub\robotic-punching-bag\reviews\2026-09-21\n3-head-track-yaw-bridge\render_frames\0086.png'
 Time: 00:00.47 (Saving: 00:00.05)

Saved: 'C:\Users\mfawe\OneDrive\Documents\GitHub\robotic-punching-bag\reviews\2026-09-21\n3-head-track-yaw-bridge\render_frames\0087.png'
 Time: 00:00.51 (Saving: 00:00.05)

Saved: 'C:\Users\mfawe\OneDrive\Documents\GitHub\robotic-punching-bag\reviews\2026-09-21\n3-head-track-yaw-bridge\render_frames\0088.png'
 Time: 00:00.48 (Saving: 00:00.05)

Saved: 'C:\Users\mfawe\OneDrive\Documents\GitHub\robotic-punching-bag\reviews\2026-09-21\n3-head-track-yaw-bridge\render_frames\0089.png'
 Time: 00:00.45 (Saving: 00:00.05)

Saved: 'C:\Users\mfawe\OneDrive\Documents\GitHub\robotic-punching-bag\reviews\2026-09-21\n3-head-track-yaw-bridge\render_frames\0090.png'
 Time: 00:00.49 (Saving: 00:00.05)

Saved: 'C:\Users\mfawe\OneDrive\Documents\GitHub\robotic-punching-bag\reviews\2026-09-21\n3-head-track-yaw-bridge\render_frames\0091.png'
 Time: 00:00.47 (Saving: 00:00.05)

Saved: 'C:\Users\mfawe\OneDrive\Documents\GitHub\robotic-punching-bag\reviews\2026-09-21\n3-head-track-yaw-bridge\render_frames\0092.png'
 Time: 00:00.48 (Saving: 00:00.05)

Saved: 'C:\Users\mfawe\OneDrive\Documents\GitHub\robotic-punching-bag\reviews\2026-09-21\n3-head-track-yaw-bridge\render_frames\0093.png'
 Time: 00:00.45 (Saving: 00:00.05)

Saved: 'C:\Users\mfawe\OneDrive\Documents\GitHub\robotic-punching-bag\reviews\2026-09-21\n3-head-track-yaw-bridge\render_frames\0094.png'
 Time: 00:00.49 (Saving: 00:00.05)

Saved: 'C:\Users\mfawe\OneDrive\Documents\GitHub\robotic-punching-bag\reviews\2026-09-21\n3-head-track-yaw-bridge\render_frames\0095.png'
 Time: 00:00.46 (Saving: 00:00.05)

Saved: 'C:\Users\mfawe\OneDrive\Documents\GitHub\robotic-punching-bag\reviews\2026-09-21\n3-head-track-yaw-bridge\render_frames\0096.png'
 Time: 00:00.47 (Saving: 00:00.05)

Saved: 'C:\Users\mfawe\OneDrive\Documents\GitHub\robotic-punching-bag\reviews\2026-09-21\n3-head-track-yaw-bridge\render_frames\0097.png'
 Time: 00:00.45 (Saving: 00:00.05)

Saved: 'C:\Users\mfawe\OneDrive\Documents\GitHub\robotic-punching-bag\reviews\2026-09-21\n3-head-track-yaw-bridge\render_frames\0098.png'
 Time: 00:00.46 (Saving: 00:00.05)

Saved: 'C:\Users\mfawe\OneDrive\Documents\GitHub\robotic-punching-bag\reviews\2026-09-21\n3-head-track-yaw-bridge\render_frames\0099.png'
 Time: 00:00.46 (Saving: 00:00.05)

Saved: 'C:\Users\mfawe\OneDrive\Documents\GitHub\robotic-punching-bag\reviews\2026-09-21\n3-head-track-yaw-bridge\render_frames\0100.png'
 Time: 00:00.45 (Saving: 00:00.05)

Saved: 'C:\Users\mfawe\OneDrive\Documents\GitHub\robotic-punching-bag\reviews\2026-09-21\n3-head-track-yaw-bridge\render_frames\0101.png'
 Time: 00:00.46 (Saving: 00:00.05)

Saved: 'C:\Users\mfawe\OneDrive\Documents\GitHub\robotic-punching-bag\reviews\2026-09-21\n3-head-track-yaw-bridge\render_frames\0102.png'
 Time: 00:00.45 (Saving: 00:00.05)

Saved: 'C:\Users\mfawe\OneDrive\Documents\GitHub\robotic-punching-bag\reviews\2026-09-21\n3-head-track-yaw-bridge\render_frames\0103.png'
 Time: 00:00.46 (Saving: 00:00.05)

Saved: 'C:\Users\mfawe\OneDrive\Documents\GitHub\robotic-punching-bag\reviews\2026-09-21\n3-head-track-yaw-bridge\render_frames\0104.png'
 Time: 00:00.46 (Saving: 00:00.05)

Saved: 'C:\Users\mfawe\OneDrive\Documents\GitHub\robotic-punching-bag\reviews\2026-09-21\n3-head-track-yaw-bridge\render_frames\0105.png'
 Time: 00:00.52 (Saving: 00:00.05)

Saved: 'C:\Users\mfawe\OneDrive\Documents\GitHub\robotic-punching-bag\reviews\2026-09-21\n3-head-track-yaw-bridge\render_frames\0106.png'
 Time: 00:00.47 (Saving: 00:00.05)

Saved: 'C:\Users\mfawe\OneDrive\Documents\GitHub\robotic-punching-bag\reviews\2026-09-21\n3-head-track-yaw-bridge\render_frames\0107.png'
 Time: 00:00.46 (Saving: 00:00.05)

Saved: 'C:\Users\mfawe\OneDrive\Documents\GitHub\robotic-punching-bag\reviews\2026-09-21\n3-head-track-yaw-bridge\render_frames\0108.png'
 Time: 00:00.45 (Saving: 00:00.05)

Saved: 'C:\Users\mfawe\OneDrive\Documents\GitHub\robotic-punching-bag\reviews\2026-09-21\n3-head-track-yaw-bridge\render_frames\0109.png'
 Time: 00:00.46 (Saving: 00:00.05)

Saved: 'C:\Users\mfawe\OneDrive\Documents\GitHub\robotic-punching-bag\reviews\2026-09-21\n3-head-track-yaw-bridge\render_frames\0110.png'
 Time: 00:00.47 (Saving: 00:00.05)

Saved: 'C:\Users\mfawe\OneDrive\Documents\GitHub\robotic-punching-bag\reviews\2026-09-21\n3-head-track-yaw-bridge\render_frames\0111.png'
 Time: 00:00.45 (Saving: 00:00.05)

Saved: 'C:\Users\mfawe\OneDrive\Documents\GitHub\robotic-punching-bag\reviews\2026-09-21\n3-head-track-yaw-bridge\render_frames\0112.png'
 Time: 00:00.45 (Saving: 00:00.05)

Saved: 'C:\Users\mfawe\OneDrive\Documents\GitHub\robotic-punching-bag\reviews\2026-09-21\n3-head-track-yaw-bridge\render_frames\0113.png'
 Time: 00:00.47 (Saving: 00:00.05)

Saved: 'C:\Users\mfawe\OneDrive\Documents\GitHub\robotic-punching-bag\reviews\2026-09-21\n3-head-track-yaw-bridge\render_frames\0114.png'
 Time: 00:00.45 (Saving: 00:00.05)

Saved: 'C:\Users\mfawe\OneDrive\Documents\GitHub\robotic-punching-bag\reviews\2026-09-21\n3-head-track-yaw-bridge\render_frames\0115.png'
 Time: 00:00.47 (Saving: 00:00.06)

Saved: 'C:\Users\mfawe\OneDrive\Documents\GitHub\robotic-punching-bag\reviews\2026-09-21\n3-head-track-yaw-bridge\render_frames\0116.png'
 Time: 00:00.45 (Saving: 00:00.05)

Saved: 'C:\Users\mfawe\OneDrive\Documents\GitHub\robotic-punching-bag\reviews\2026-09-21\n3-head-track-yaw-bridge\render_frames\0117.png'
 Time: 00:00.46 (Saving: 00:00.06)

Saved: 'C:\Users\mfawe\OneDrive\Documents\GitHub\robotic-punching-bag\reviews\2026-09-21\n3-head-track-yaw-bridge\render_frames\0118.png'
 Time: 00:00.45 (Saving: 00:00.05)

Saved: 'C:\Users\mfawe\OneDrive\Documents\GitHub\robotic-punching-bag\reviews\2026-09-21\n3-head-track-yaw-bridge\render_frames\0119.png'
 Time: 00:00.49 (Saving: 00:00.06)

Saved: 'C:\Users\mfawe\OneDrive\Documents\GitHub\robotic-punching-bag\reviews\2026-09-21\n3-head-track-yaw-bridge\render_frames\0120.png'
 Time: 00:00.45 (Saving: 00:00.05)

Saved: 'C:\Users\mfawe\OneDrive\Documents\GitHub\robotic-punching-bag\reviews\2026-09-21\n3-head-track-yaw-bridge\render_frames\0121.png'
 Time: 00:00.46 (Saving: 00:00.06)

Saved: 'C:\Users\mfawe\OneDrive\Documents\GitHub\robotic-punching-bag\reviews\2026-09-21\n3-head-track-yaw-bridge\render_frames\0122.png'
 Time: 00:00.45 (Saving: 00:00.05)

Saved: 'C:\Users\mfawe\OneDrive\Documents\GitHub\robotic-punching-bag\reviews\2026-09-21\n3-head-track-yaw-bridge\render_frames\0123.png'
 Time: 00:00.47 (Saving: 00:00.06)

Saved: 'C:\Users\mfawe\OneDrive\Documents\GitHub\robotic-punching-bag\reviews\2026-09-21\n3-head-track-yaw-bridge\render_frames\0124.png'
 Time: 00:00.46 (Saving: 00:00.05)

Saved: 'C:\Users\mfawe\OneDrive\Documents\GitHub\robotic-punching-bag\reviews\2026-09-21\n3-head-track-yaw-bridge\render_frames\0125.png'
 Time: 00:00.46 (Saving: 00:00.06)

Saved: 'C:\Users\mfawe\OneDrive\Documents\GitHub\robotic-punching-bag\reviews\2026-09-21\n3-head-track-yaw-bridge\render_frames\0126.png'
 Time: 00:00.45 (Saving: 00:00.05)

Saved: 'C:\Users\mfawe\OneDrive\Documents\GitHub\robotic-punching-bag\reviews\2026-09-21\n3-head-track-yaw-bridge\render_frames\0127.png'
 Time: 00:00.48 (Saving: 00:00.05)

Saved: 'C:\Users\mfawe\OneDrive\Documents\GitHub\robotic-punching-bag\reviews\2026-09-21\n3-head-track-yaw-bridge\render_frames\0128.png'
 Time: 00:00.45 (Saving: 00:00.05)

Saved: 'C:\Users\mfawe\OneDrive\Documents\GitHub\robotic-punching-bag\reviews\2026-09-21\n3-head-track-yaw-bridge\render_frames\0129.png'
 Time: 00:00.47 (Saving: 00:00.05)

Saved: 'C:\Users\mfawe\OneDrive\Documents\GitHub\robotic-punching-bag\reviews\2026-09-21\n3-head-track-yaw-bridge\render_frames\0130.png'
 Time: 00:00.45 (Saving: 00:00.05)

Saved: 'C:\Users\mfawe\OneDrive\Documents\GitHub\robotic-punching-bag\reviews\2026-09-21\n3-head-track-yaw-bridge\render_frames\0131.png'
 Time: 00:00.47 (Saving: 00:00.06)

Saved: 'C:\Users\mfawe\OneDrive\Documents\GitHub\robotic-punching-bag\reviews\2026-09-21\n3-head-track-yaw-bridge\render_frames\0132.png'
 Time: 00:00.45 (Saving: 00:00.05)

Saved: 'C:\Users\mfawe\OneDrive\Documents\GitHub\robotic-punching-bag\reviews\2026-09-21\n3-head-track-yaw-bridge\render_frames\0133.png'
 Time: 00:00.46 (Saving: 00:00.06)

Saved: 'C:\Users\mfawe\OneDrive\Documents\GitHub\robotic-punching-bag\reviews\2026-09-21\n3-head-track-yaw-bridge\render_frames\0134.png'
 Time: 00:00.45 (Saving: 00:00.05)

Saved: 'C:\Users\mfawe\OneDrive\Documents\GitHub\robotic-punching-bag\reviews\2026-09-21\n3-head-track-yaw-bridge\render_frames\0135.png'
 Time: 00:00.45 (Saving: 00:00.06)

Saved: 'C:\Users\mfawe\OneDrive\Documents\GitHub\robotic-punching-bag\reviews\2026-09-21\n3-head-track-yaw-bridge\render_frames\0136.png'
 Time: 00:00.45 (Saving: 00:00.05)

Saved: 'C:\Users\mfawe\OneDrive\Documents\GitHub\robotic-punching-bag\reviews\2026-09-21\n3-head-track-yaw-bridge\render_frames\0137.png'
 Time: 00:00.47 (Saving: 00:00.06)

Saved: 'C:\Users\mfawe\OneDrive\Documents\GitHub\robotic-punching-bag\reviews\2026-09-21\n3-head-track-yaw-bridge\render_frames\0138.png'
 Time: 00:00.45 (Saving: 00:00.05)

Saved: 'C:\Users\mfawe\OneDrive\Documents\GitHub\robotic-punching-bag\reviews\2026-09-21\n3-head-track-yaw-bridge\render_frames\0139.png'
 Time: 00:00.48 (Saving: 00:00.06)

Saved: 'C:\Users\mfawe\OneDrive\Documents\GitHub\robotic-punching-bag\reviews\2026-09-21\n3-head-track-yaw-bridge\render_frames\0140.png'
 Time: 00:00.45 (Saving: 00:00.05)

Saved: 'C:\Users\mfawe\OneDrive\Documents\GitHub\robotic-punching-bag\reviews\2026-09-21\n3-head-track-yaw-bridge\render_frames\0141.png'
 Time: 00:00.46 (Saving: 00:00.06)

Saved: 'C:\Users\mfawe\OneDrive\Documents\GitHub\robotic-punching-bag\reviews\2026-09-21\n3-head-track-yaw-bridge\render_frames\0142.png'
 Time: 00:00.45 (Saving: 00:00.05)

Saved: 'C:\Users\mfawe\OneDrive\Documents\GitHub\robotic-punching-bag\reviews\2026-09-21\n3-head-track-yaw-bridge\render_frames\0143.png'
 Time: 00:00.47 (Saving: 00:00.06)

Saved: 'C:\Users\mfawe\OneDrive\Documents\GitHub\robotic-punching-bag\reviews\2026-09-21\n3-head-track-yaw-bridge\render_frames\0144.png'
 Time: 00:00.46 (Saving: 00:00.05)

WARNING: Keyconfig not availabe, skipping MACHIN3tools keymaps
Registered MACHIN3tools 1.5.0 with 4 tools, 6 pie menus
RENDER_COMPLETE
Unregistered MACHIN3tools 1.5.0.

Blender quit
